python : Creating test database 
for alias 'default'...
En línea: 1 Carácter: 1
+ python manage.py test gestion_
bodega.tests.test_logistica_sani
ty > te ...
+ ~~~~~~~~~~~~~~~~~~~~~~~~~~~~~~
~~~~~~~~~~~~~~~~~~~~~~~~~~~~~~~~
~~~~~~~
    + CategoryInfo          : N 
   otSpecified: (Creating test  
   d...as 'default'...:String   
 ) [], RemoteException
    + FullyQualifiedErrorId : N 
   ativeCommandError
 

Found 1 test(s).
System check identified some 
issues:

WARNINGS:
?: (mysql.W002) MariaDB Strict 
Mode is not set for database 
connection 'default'
	HINT: MariaDB's Strict Mode 
fixes many data integrity 
problems in MariaDB, such as 
data truncation upon insertion, 
by escalating warnings into 
errors. It is strongly 
recommended you activate it. 
See: https://docs.djangoproject.
com/en/5.0/ref/databases/#mysql-
sql-mode
?: (staticfiles.W004) The 
directory 'C:\Users\Yahir\agropr
oductores_risol\backend\static' 
in the STATICFILES_DIRS setting 
does not exist.
gestion_bodega.CamionSalida: 
(models.W036) MariaDB does not 
support unique constraints with 
conditions.
	HINT: A constraint won't be 
created. Silence this warning 
if you don't care about it.
gestion_bodega.CierreSemanal: 
(models.W036) MariaDB does not 
support unique constraints with 
conditions.
	HINT: A constraint won't be 
created. Silence this warning 
if you don't care about it.
gestion_bodega.ClasificacionEmpa
que: (models.W036) MariaDB does 
not support unique constraints 
with conditions.
	HINT: A constraint won't be 
created. Silence this warning 
if you don't care about it.
gestion_bodega.TemporadaBodega: 
(models.W036) MariaDB does not 
support unique constraints with 
conditions.
	HINT: A constraint won't be 
created. Silence this warning 
if you don't care about it.

System check identified 6 
issues (0 silenced).
.
--------------------------------
--------------------------------
------
Ran 1 test in 0.055s

OK
Destroying test database for 
alias 'default'...


>>> Iniciando Smoke Test: LogÝstica Integral
1. Recepci¾n creada: Recepci¾n #1 (2025-12-31)
2. Empaque realizado: 80 Primera, 20 Tercera
   Disponible Primera: 80 (OK)
3. Cami¾n creado: Cami¾n S/N (BORRADOR)
4. Carga de 80 Primera agregada (OK)
   Intentando cargar 1 mßs de Primera (debe fallar)...
   Bloqueo exitoso: {'__all__': ['Stock insuficiente. Disponible: 0']}
   Disponible Primera tras carga: 0 (OK)
5. Confirmando cami¾n...
   Cami¾n confirmado con Folio: 1
6. Verificando Reporte Semanal...
   Consultando semana: 2026-W01
   Rows obtained: [['PLASTICO', 'PRIMERA', '80', '0', '80', '80'], ['PLASTICO', 'TERCERA', '20', '0', '0', '0']]
   Evaluando PRIMERA: ['PLASTICO', 'PRIMERA', '80', '0', '80', '80']
7. Anulando Cami¾n...
   Disponible Primera tras anular: 80

>>> SMOKE TEST FINALIZADO CON ╔XITO
